Status	../alignment/SNF2_1_Aligned.sortedByCoord.out.bam	../alignment/SNF2_2_Aligned.sortedByCoord.out.bam	../alignment/SNF2_3_Aligned.sortedByCoord.out.bam	../alignment/SNF2_4_Aligned.sortedByCoord.out.bam	../alignment/SNF2_5_Aligned.sortedByCoord.out.bam	../alignment/WT_1_Aligned.sortedByCoord.out.bam	../alignment/WT_2_Aligned.sortedByCoord.out.bam	../alignment/WT_3_Aligned.sortedByCoord.out.bam	../alignment/WT_4_Aligned.sortedByCoord.out.bam	../alignment/WT_5_Aligned.sortedByCoord.out.bam
Assigned	10104790	8553341	8643836	10545909	6817210	5780298	7686400	6288176	10154472	7780598
Unassigned_Unmapped	0	0	0	0	0	0	0	0	0	0
Unassigned_MappingQuality	0	0	0	0	0	0	0	0	0	0
Unassigned_Chimera	0	0	0	0	0	0	0	0	0	0
Unassigned_FragmentLength	0	0	0	0	0	0	0	0	0	0
Unassigned_Duplicate	0	0	0	0	0	0	0	0	0	0
Unassigned_MultiMapping	0	0	0	0	0	0	0	0	0	0
Unassigned_Secondary	0	0	0	0	0	0	0	0	0	0
Unassigned_Nonjunction	0	0	0	0	0	0	0	0	0	0
Unassigned_NoFeatures	747388	458993	493370	750124	433271	232966	518151	449802	593770	492354
Unassigned_Overlapping_Length	0	0	0	0	0	0	0	0	0	0
Unassigned_Ambiguity	0	0	0	0	0	0	0	0	0	0
